// Jest Snapshot v1, https://goo.gl/fbAQLP

exports[`Snackbar module calls native with default params 1`] = `
Array [
  Array [
    Object {
      "action": undefined,
      "backgroundColor": undefined,
      "color": undefined,
    },
    [Function],
  ],
]
`;

exports[`Snackbar module calls native with normal params 1`] = `
Array [
  Array [
    Object {
      "action": Object {
        "color": 4278222848,
        "onPress": [MockFunction],
        "title": "UNDO",
      },
      "backgroundColor": 4294901760,
      "color": 4278190335,
      "duration": 0,
      "title": "Hello world",
    },
    [MockFunction],
  ],
]
`;
